{
    "sarscov2 - human": {
        "content": [
            [
                [
                    {
                        "id": "test",
                        "single_end": true
                    },
                    "test_1_screen.txt:md5,b1fde8e1b4b792f6bc001f027368e067"
                ]
            ],
            [
                [
                    {
                        "id": "test",
                        "single_end": true
                    },
                    "test_1_screen.png:md5,ba6ba10dcf4667379289a7f4d2d007c5"
                ]
            ]
        ],
        "meta": {
            "nf-test": "0.8.4",
            "nextflow": "23.10.1"
        },
        "timestamp": "2024-04-30T13:50:32.428126236"
    },
    "sarscov2 - human - stub": {
        "content": [
            {
                "0": [
                    [
                        {
                            "id": "test",
                            "single_end": true
                        },
                        "test_1_screen.txt:md5,d41d8cd98f00b204e9800998ecf8427e"
                    ]
                ],
                "1": [
                    [
                        {
                            "id": "test",
                            "single_end": true
                        },
                        "test_1_screen.png:md5,d41d8cd98f00b204e9800998ecf8427e"
                    ]
                ],
                "2": [
                    [
                        {
                            "id": "test",
                            "single_end": true
                        },
                        "test_1_screen.html:md5,d41d8cd98f00b204e9800998ecf8427e"
                    ]
                ],
                "3": [
                    "versions.yml:md5,8ac0239b5103352958d9a9e562b23103"
                ],
                "html": [
                    [
                        {
                            "id": "test",
                            "single_end": true
                        },
                        "test_1_screen.html:md5,d41d8cd98f00b204e9800998ecf8427e"
                    ]
                ],
                "png": [
                    [
                        {
                            "id": "test",
                            "single_end": true
                        },
                        "test_1_screen.png:md5,d41d8cd98f00b204e9800998ecf8427e"
                    ]
                ],
                "txt": [
                    [
                        {
                            "id": "test",
                            "single_end": true
                        },
                        "test_1_screen.txt:md5,d41d8cd98f00b204e9800998ecf8427e"
                    ]
                ],
                "versions": [
                    "versions.yml:md5,8ac0239b5103352958d9a9e562b23103"
                ]
            }
        ],
        "meta": {
            "nf-test": "0.8.4",
            "nextflow": "23.10.1"
        },
        "timestamp": "2024-04-30T13:50:45.968423801"
    }
}